0:00:01.359994 1 1
0:00:03.683338 1 2
0:00:05.633350 1 3
0:00:06.108879 1 4
0:00:06.378128 1 5
0:00:05.813522 1 6
0:00:01.382876 2 1
0:00:03.050395 2 2
0:00:05.225186 2 3
0:00:06.088819 2 4
0:00:06.747584 2 5
0:00:05.672368 2 6
0:00:04.343564 2 7
0:00:04.816391 2 8
0:00:04.477004 2 9
0:00:04.865226 2 10
0:00:05.171306 2 11
0:00:04.928202 2 12
0:00:04.957253 2 13
0:00:05.546951 2 14
0:00:05.610097 2 15
0:00:02.749942 3 1
0:00:03.415477 3 2
0:00:05.657733 3 3
0:00:06.096874 3 4
0:00:06.460536 3 5
0:00:06.694732 3 6
0:00:04.541052 3 7
0:00:04.651667 3 8
0:00:04.009365 3 9
0:00:04.584102 3 10
0:00:04.063814 3 11
0:00:04.603314 3 12
0:00:04.456179 3 13
0:00:04.956089 3 14
0:00:04.932092 3 15
0:00:02.101231 4 1
0:00:02.523066 4 2
0:00:04.035439 4 3
0:00:04.450358 4 4
0:00:05.517478 4 5
0:00:05.867881 4 6
0:00:04.024629 4 7
0:00:04.175327 4 8
0:00:04.712725 4 9
0:00:04.183111 4 10
0:00:04.705437 4 11
0:00:04.514723 4 12
0:00:04.574873 4 13
0:00:05.100842 4 14
0:00:05.026239 4 15
0:00:03.079728 5 1
0:00:03.052459 5 2
0:00:03.843081 5 3
0:00:04.274841 5 4
0:00:05.448563 5 5
0:00:05.791217 5 6
0:00:04.217495 5 7
0:00:04.518783 5 8
0:00:04.145120 5 9
0:00:04.725131 5 10
0:00:04.170927 5 11
0:00:04.774237 5 12
0:00:04.455651 5 13
0:00:04.968216 5 14
0:00:05.143134 5 15
0:00:04.521973 6 1
0:00:05.030822 6 2
0:00:06.274695 6 3
0:00:07.381217 6 4
0:00:09.295634 6 5
0:00:10.261434 6 6
0:00:08.971596 6 7
0:00:08.813567 6 8
0:00:09.479471 6 9
0:00:04.474154 6 10
0:00:04.549789 6 11
0:00:04.566358 6 12
0:00:04.683994 6 13
0:00:05.255041 6 14
0:00:04.923697 6 15
