0:00:00.860951 1 1
0:00:02.175682 1 2
0:00:03.386881 1 3
0:00:06.521244 1 4
0:00:00.820446 2 1
0:00:01.190301 2 2
0:00:03.110769 2 3
0:00:06.511383 2 4
0:00:01.350151 3 1
0:00:01.959559 3 2
0:00:04.519291 3 3
0:00:07.804233 3 4
0:00:08.987435 3 5
0:00:10.250219 3 6
0:00:10.559065 3 7
0:00:11.445693 3 8
0:00:11.881188 3 9
0:00:11.833283 3 10
0:00:11.958506 3 11
0:00:11.752619 3 12
0:00:14.170682 3 13
0:00:16.554838 3 14
0:00:17.829850 3 15
0:00:01.921873 4 1
0:00:02.656167 4 2
0:00:04.772852 4 3
0:00:07.271262 4 4
0:00:13.123048 4 5
0:00:16.213880 4 6
0:00:10.664679 4 7
0:00:10.993867 4 8
0:00:11.717526 4 9
0:00:11.083078 4 10
0:00:11.164265 4 11
0:00:11.993603 4 12
0:00:14.683471 4 13
0:00:15.544267 4 14
0:00:16.973557 4 15
0:00:08.442057 5 1
0:00:08.828270 5 2
0:00:12.107191 5 3
0:00:15.422854 5 4
0:00:21.667600 5 5
0:00:16.705465 5 6
0:00:11.034170 5 7
0:00:11.249878 5 8
0:00:11.423315 5 9
0:00:11.371793 5 10
0:00:11.152324 5 11
0:00:11.878655 5 12
0:00:13.155854 5 13
0:00:15.618995 5 14
0:00:18.825062 5 15
